// Jest Snapshot v1, https://goo.gl/fbAQLP

exports[`Expects <GifGridItem /> should be to show <GifGridItem /> successfully 1`] = `
<div
  className="card animate__animated animate__fadeIn"
>
  <img
    alt="GifGridItem titulo"
    src="https://localhost/algo.jpg"
  />
  <p>
     
    GifGridItem titulo
  </p>
</div>
`;
